[Turtle] v0.27 -- Analyzing 600519.SH
============================================================
[Phase 1] ���ݿ���...
python : [32m2026-06-04 00:35:21.048[0m | [1mINFO    [0m | [36msrc.data_fetcher.orchestrator[0m:[36msnapshot_sto
ck[0m:[36m108[0m - [1m[600519.SH] �������У�������ȡ[0m
所在位置 行:1 字符: 204
+ ... -framework; python -m src.cli 600519.SH --html > test_output.txt 2>&1 ...
+                 ~~~~~~~~~~~~~~~~~~~~~~~~~~~~~~~~~~~~~~~~~~~~~~~~~~~~~~~~~
    + CategoryInfo          : NotSpecified: ([32m2026-06-04...��У�������ȡ[0m:String) [], RemoteException
    + FullyQualifiedErrorId : NativeCommandError
 
  ����ȡ 0 �����ݼ�
[Phase 2] �������...
  L2(�ſ�)=10.5  L3=26.25/30 (��)  L4=0.0/45  L5=0.0/25
  Final=26.25/100  Pool=��ѡ��
  PR=4.33%  OE=[?] ����  ��λ=0.0%
  �������=65.9%(����)  ��֧���ֽ�=10750069��  �ع�ע��=0��

  --- Breakdown ---
  HardGate: PASS
  L2(�ſ�): {'financial_quality': 5.0, 'valuation': 2.5, 'liquidity': 2.0, 'bonus': 1.0}
  Classify: STANDARD_CONSUMER
  L3: 26.25/30 (��)  dim-score=21.0/24
  L4 PR: 4.33%  start=0.0  penalty=5.0  OE=[?] ����
  PR: DC=10750069��  ratio=65.9%(tier2_extrapolation)  buyback=0��
  L5 ��ֵ��ȫ�߼���: -30.1%  ��ֵ�÷�: 0/15  ����: 0.0/5
  L5 ��λ: 0.0%

[Phase 3] �Ʊ���ȷ��� (7ģ��)...
  ģ��1 ��������: Ӫ�ս�3��CAGR=6.9%, ��5��CAGR=8.0%; �������3��CAGR=4.9%, ��5��CAGR=6.9%; �����ȶ���=�������...
  ģ��2 ������:   ë���� 91.9%��91.9%��92.0%��91.9%��91.2%, ����=��; ������ 52.7%��52.7%��52.5%��52.3%��50.5%...
  ģ��3 ROE�Ű�:  ROE 32.4%��32.4%��36.2%��38.4%��34.5%, ������=�߾�����...
  ģ��4 �ֽ���:   ��Ӫ�ֽ���/�������5��ƽ��=0.75, ��5��ƽ�������ֽ���=545.9��, ����=����...
  ģ��5 �ʲ���ծ: �ʲ���ծ�ʡ�16.4%, ����=�Ƚ�...
  ģ��6 �ֺ�����: ��5��ÿ�ɷֺ�: 21.68��47.82��49.98��51.55��23.96 Ԫ/��, ÿ�ɷֺ�CAGR=2.5%, �����ֺ�5��+...
  ģ��7 Ӫ��Ч��: Ӧ����ת=nan��, Ӧ����ת=0.0��, �����ת=1505.5��, CCC=nan��, ����=ƫ��...
[32m2026-06-04 00:35:22.147[0m | [34m[1mDEBUG   [0m | [36msrc.data_fetcher.orchestrator[0m:[36mcache_financial_
insights[0m:[36m238[0m - [34m[1m[600519.SH] �Ʊ������ѻ���[0m

[LLM] Provider: deepseek | Retrieval: deepseek-chat | Analysis: deepseek-chat | Validation: deepseek-chat

[Phase 3.5] LLM ��ҵ֪ʶ���� (web_search)...
[32m2026-06-04 00:35:23.316[0m | [1mINFO    [0m | [36msrc.llm.client[0m:[36m__init__[0m:[36m111[0m - [1mLLM:
 deepseek/deepseek-chat[0m
  ��ҵ������� (source=fallback)
  ���Ŷ�: high=0/5, ��ԴURL��=0

[Phase 4] ��װ���� brief.md ���ݵ׸�...
  brief.md �ѱ���: output\600519_SH_����ę́\brief_600519_SH.md

[Phase 5a] ���� LLM Agent (�������� brief.md)...
[32m2026-06-04 00:35:28.470[0m | [1mINFO    [0m | [36msrc.llm.client[0m:[36m__init__[0m:[36m111[0m - [1mLLM:
 deepseek/deepseek-chat[0m
  ����Agent: 38.0/45  (��) [LLM]
    ##### ���Ǻ����: 5/5 (high)
    ####- ���������: 4/5 (medium)
    ##### ��ҵ���: 5/5 (high)
    ###-- �ɳ�����: 3/5 (medium)
    ##### ���񽡿���: 5/5 (high)
    ... �� 9 ��ģ��
    [!!] �����Ż��벨����Ӫ�պ;����������ѽ�����λ������3��CAGR�ֱ�Ϊ6.9%��4.9%�����������ȶ��Ա����Ϊ�������������δ����������������ۡ�ֱ��ռ�ȣ����ڲ�ȷ���ԡ�
  [WARN] ����Agent�쳣: 'gbk' codec can't encode character '\U0001f7e1' in position 35: illegal multibyte sequence

[Phase 5b] ������֤ LLM Agent (��ʵ�˲�ģʽ)...
[32m2026-06-04 00:35:55.623[0m | [1mINFO    [0m | [36msrc.llm.client[0m:[36m__init__[0m:[36m111[0m - [1mLLM:
 deepseek/deepseek-chat[0m
  �˲���: 17
  [WARN] ������֤�쳣: 'gbk' codec can't encode character '\u2713' in position 2: illegal multibyte sequence

[Phase 6] ���� HTML ��������...
  ���������ѱ���: output\600519_SH_����ę́\report_600519_SH.html
  [WARN] ������֤��������ʧ��: 'CrossValidationResult' object has no attribute 'business_knowledge'

[DONE] Analysis complete.
